// Jest Snapshot v1, https://goo.gl/fbAQLP

exports[`FineFound renders unchanged 1`] = `
Object {
  "asFragment": [Function],
  "baseElement": <body>
    <div>
      <div
        class="fine"
      >
        <span>
          Постановление #
          18810136191111001035
        </span>
        <ul
          class="fine-list"
        >
          <li
            class="fine-list__item"
          >
            <div
              class="fine-list__name"
            >
              Свидетельство о регистрации
              :
            </div>
            <div
              class="fine-list__value"
            >
              3620848239
            </div>
          </li>
          <li
            class="fine-list__item"
          >
            <div
              class="fine-list__name"
            >
              Дата постановления
              :
            </div>
            <div
              class="fine-list__value"
            >
              2019-11-11
            </div>
          </li>
          <li
            class="fine-list__item"
          >
            <div
              class="fine-list__name"
            >
              Нарушение
              :
            </div>
            <div
              class="fine-list__value"
            >
              12.9ч.2
            </div>
          </li>
          <li
            class="fine-list__item"
          >
            <div
              class="fine-list__name"
            >
              Получатель платежа
              :
            </div>
            <div
              class="fine-list__value"
            >
              Центр видеофиксации ГИБДД ГУ МВД России по Воронежской области
            </div>
          </li>
          <li
            class="fine-list__item"
          >
            <div
              class="fine-list__name"
            >
              ИНН
              :
            </div>
            <div
              class="fine-list__value"
            >
              3666026374
            </div>
          </li>
          <li
            class="fine-list__item"
          >
            <div
              class="fine-list__name"
            >
              КПП
              :
            </div>
            <div
              class="fine-list__value"
            >
              366601001
            </div>
          </li>
          <li
            class="fine-list__item"
          >
            <div
              class="fine-list__name"
            >
              Расчетный счет
              :
            </div>
            <div
              class="fine-list__value"
            >
              40101810500000010004
            </div>
          </li>
          <li
            class="fine-list__item"
          >
            <div
              class="fine-list__name"
            >
              Банк получателя
              :
            </div>
            <div
              class="fine-list__value"
            >
              отделение Воронеж г. Воронеж
            </div>
          </li>
          <li
            class="fine-list__item"
          >
            <div
              class="fine-list__name"
            >
              БИК
              :
            </div>
            <div
              class="fine-list__value"
            >
              042007001
            </div>
          </li>
          <li
            class="fine-list__item"
          >
            <div
              class="fine-list__name"
            >
              ОКТМО(ОКАТО)
              :
            </div>
            <div
              class="fine-list__value"
            >
              20701000
            </div>
          </li>
          <li
            class="fine-list__item"
          >
            <div
              class="fine-list__name"
            >
              КБК
              :
            </div>
            <div
              class="fine-list__value"
            >
              18811630020016000140
            </div>
          </li>
          <li
            class="fine-list__item"
          >
            <div
              class="fine-list__name"
            >
              Cумма штрафа
              :
            </div>
            <div
              class="fine-list__value"
            >
              500
            </div>
          </li>
          <li
            class="fine-list__item"
          >
            <div
              class="fine-list__name"
            >
              Скидка
              :
            </div>
            <div
              class="fine-list__value"
            >
              0
            </div>
          </li>
          <li
            class="fine-list__item"
          >
            <div
              class="fine-list__name"
            >
              К оплате
              :
            </div>
            <div
              class="fine-list__value"
            >
              0
            </div>
          </li>
        </ul>
      </div>
    </div>
  </body>,
  "container": <div>
    <div
      class="fine"
    >
      <span>
        Постановление #
        18810136191111001035
      </span>
      <ul
        class="fine-list"
      >
        <li
          class="fine-list__item"
        >
          <div
            class="fine-list__name"
          >
            Свидетельство о регистрации
            :
          </div>
          <div
            class="fine-list__value"
          >
            3620848239
          </div>
        </li>
        <li
          class="fine-list__item"
        >
          <div
            class="fine-list__name"
          >
            Дата постановления
            :
          </div>
          <div
            class="fine-list__value"
          >
            2019-11-11
          </div>
        </li>
        <li
          class="fine-list__item"
        >
          <div
            class="fine-list__name"
          >
            Нарушение
            :
          </div>
          <div
            class="fine-list__value"
          >
            12.9ч.2
          </div>
        </li>
        <li
          class="fine-list__item"
        >
          <div
            class="fine-list__name"
          >
            Получатель платежа
            :
          </div>
          <div
            class="fine-list__value"
          >
            Центр видеофиксации ГИБДД ГУ МВД России по Воронежской области
          </div>
        </li>
        <li
          class="fine-list__item"
        >
          <div
            class="fine-list__name"
          >
            ИНН
            :
          </div>
          <div
            class="fine-list__value"
          >
            3666026374
          </div>
        </li>
        <li
          class="fine-list__item"
        >
          <div
            class="fine-list__name"
          >
            КПП
            :
          </div>
          <div
            class="fine-list__value"
          >
            366601001
          </div>
        </li>
        <li
          class="fine-list__item"
        >
          <div
            class="fine-list__name"
          >
            Расчетный счет
            :
          </div>
          <div
            class="fine-list__value"
          >
            40101810500000010004
          </div>
        </li>
        <li
          class="fine-list__item"
        >
          <div
            class="fine-list__name"
          >
            Банк получателя
            :
          </div>
          <div
            class="fine-list__value"
          >
            отделение Воронеж г. Воронеж
          </div>
        </li>
        <li
          class="fine-list__item"
        >
          <div
            class="fine-list__name"
          >
            БИК
            :
          </div>
          <div
            class="fine-list__value"
          >
            042007001
          </div>
        </li>
        <li
          class="fine-list__item"
        >
          <div
            class="fine-list__name"
          >
            ОКТМО(ОКАТО)
            :
          </div>
          <div
            class="fine-list__value"
          >
            20701000
          </div>
        </li>
        <li
          class="fine-list__item"
        >
          <div
            class="fine-list__name"
          >
            КБК
            :
          </div>
          <div
            class="fine-list__value"
          >
            18811630020016000140
          </div>
        </li>
        <li
          class="fine-list__item"
        >
          <div
            class="fine-list__name"
          >
            Cумма штрафа
            :
          </div>
          <div
            class="fine-list__value"
          >
            500
          </div>
        </li>
        <li
          class="fine-list__item"
        >
          <div
            class="fine-list__name"
          >
            Скидка
            :
          </div>
          <div
            class="fine-list__value"
          >
            0
          </div>
        </li>
        <li
          class="fine-list__item"
        >
          <div
            class="fine-list__name"
          >
            К оплате
            :
          </div>
          <div
            class="fine-list__value"
          >
            0
          </div>
        </li>
      </ul>
    </div>
  </div>,
  "debug": [Function],
  "findAllByAltText": [Function],
  "findAllByDisplayValue": [Function],
  "findAllByLabelText": [Function],
  "findAllByPlaceholderText": [Function],
  "findAllByRole": [Function],
  "findAllByTestId": [Function],
  "findAllByText": [Function],
  "findAllByTitle": [Function],
  "findByAltText": [Function],
  "findByDisplayValue": [Function],
  "findByLabelText": [Function],
  "findByPlaceholderText": [Function],
  "findByRole": [Function],
  "findByTestId": [Function],
  "findByText": [Function],
  "findByTitle": [Function],
  "getAllByAltText": [Function],
  "getAllByDisplayValue": [Function],
  "getAllByLabelText": [Function],
  "getAllByPlaceholderText": [Function],
  "getAllByRole": [Function],
  "getAllByTestId": [Function],
  "getAllByText": [Function],
  "getAllByTitle": [Function],
  "getByAltText": [Function],
  "getByDisplayValue": [Function],
  "getByLabelText": [Function],
  "getByPlaceholderText": [Function],
  "getByRole": [Function],
  "getByTestId": [Function],
  "getByText": [Function],
  "getByTitle": [Function],
  "queryAllByAltText": [Function],
  "queryAllByDisplayValue": [Function],
  "queryAllByLabelText": [Function],
  "queryAllByPlaceholderText": [Function],
  "queryAllByRole": [Function],
  "queryAllByTestId": [Function],
  "queryAllByText": [Function],
  "queryAllByTitle": [Function],
  "queryByAltText": [Function],
  "queryByDisplayValue": [Function],
  "queryByLabelText": [Function],
  "queryByPlaceholderText": [Function],
  "queryByRole": [Function],
  "queryByTestId": [Function],
  "queryByText": [Function],
  "queryByTitle": [Function],
  "rerender": [Function],
  "unmount": [Function],
}
`;
